// Vitest Snapshot v1, https://vitest.dev/guide/snapshot.html

exports[`assets/index.ts should export dice images 1`] = `
{
  "dice1": "/laces/src/assets/dice1.svg",
  "dice2": "/laces/src/assets/dice2.svg",
  "dice3": "/laces/src/assets/dice3.svg",
  "dice4": "/laces/src/assets/dice4.svg",
  "dice5": "/laces/src/assets/dice5.svg",
  "dice6": "/laces/src/assets/dice6.svg",
}
`;
